// Jest Snapshot v1, https://goo.gl/fbAQLP

exports[`formatDatasetFilename case 0 1`] = `"undefined-undefined"`;

exports[`prepareManifestPayload case 0 1`] = `
Object {
  "entries": Array [],
}
`;

exports[`prepareManifestPayload case 1 1`] = `
Object {
  "entries": Array [
    Object {
      "filename": "first-hash",
      "hash": "hash",
      "id": "first",
    },
    Object {
      "filename": "second-hash",
      "hash": "hash",
      "id": "second",
    },
  ],
}
`;
