// Jest Snapshot v1, https://goo.gl/fbAQLP

exports[`formatDatasetFilename case 0 1`] = `"undefined-undefined"`;

exports[`prepareDatasetPayload generates a dataset payload 1`] = `
{
  "entries": [
    {
      "id": "ms_bretonnian",
      "name": "*Bretonnian",
      "skills": [
        "Animal Care",
        "Animal Training (Horse)",
        "Cool",
        "Endurance",
        "Gossip",
        "Language (Reikspiel)",
        "Leadership",
        "Lore (Bretonnia)",
        "Melee (Basic)",
        "Melee (Cavalry)",
        "Ranged (Bow)",
        "Ride (Horse)",
      ],
      "talents": [
        "Noble Blood, Beneath Notice",
        "Coolheaded, Relentless",
        3,
      ],
    },
    {
      "id": "ms_aquitainian",
      "name": "*Aquitainian",
      "skills": [
        "Animal Care",
        "Cool",
        "Gossip",
        "Intimidate",
        "Leadership",
        "Lore (Aquitaine)",
        "Lore (Bretonnia)",
        "Melee (Basic)",
        "Melee (Cavalry)",
        "Ranged (Bow)",
        "Ride (Horse)",
        "Sail (Any)",
        "Swim",
      ],
      "talents": [
        "Noble Blood, Beneath Notice",
        "Coolheaded, Relentless",
        3,
      ],
    },
    {
      "id": "ms_artoin",
      "name": "*Artoin",
      "skills": [
        "Animal Care",
        "Cool",
        "Endurance",
        "Evaluate",
        "Intuition",
        "Lore (Artois)",
        "Lore (Bretonnia)",
        "Melee (Basic)",
        "Melee (Cavalry)",
        "Outdoor Survival",
        "Perception",
        "Ride (Horse)",
        "Track",
      ],
      "talents": [
        "Noble Blood, Beneath Notice, random[2]",
        "Sharp, Strider (Forests)",
        3,
      ],
    },
  ],
  "hash": "a27e78f8c03a",
  "id": "bretonnian-humans",
  "species": "human",
}
`;

exports[`prepareManifestPayload case 0 1`] = `
{
  "entries": [],
}
`;

exports[`prepareManifestPayload case 1 1`] = `
{
  "entries": [
    {
      "filename": "first-hash",
      "hash": "hash",
      "id": "first",
    },
    {
      "filename": "second-hash",
      "hash": "hash",
      "id": "second",
    },
  ],
}
`;
